<html>
<body>
<pre>
<h1>µVision Build Log</h1>
<h2>Tool Versions:</h2>
IDE-Version: µVision V5.36.0.0
Copyright (C) 2021 ARM Ltd and ARM Germany GmbH. All rights reserved.
License Information: Anton Tiwes, BSUIR, LIC=----
 
Tool Versions:
Toolchain:       MDK-Lite  Version: 5.36.0.0
Toolchain Path:  D:\Keil\ARM\ARMCC\Bin
C Compiler:      Armcc.exe V5.06 update 7 (build 960)
Assembler:       Armasm.exe V5.06 update 7 (build 960)
Linker/Locator:  ArmLink.exe V5.06 update 7 (build 960)
Library Manager: ArmAr.exe V5.06 update 7 (build 960)
Hex Converter:   FromElf.exe V5.06 update 7 (build 960)
CPU DLL:         SARMCM3.DLL V5.36.0.0
Dialog DLL:      DCM.DLL V1.17.3.0
Target DLL:      STLink\ST-LINKIII-KEIL_SWO.dll V3.0.9.0
Dialog DLL:      TCM.DLL V1.53.0.0
 
<h2>Project:</h2>
D:\7sem\ÏÎÂÑ\Lab2\MDK-ARM\Lab2.uvprojx
Project File Date:  10/01/2022

<h2>Output:</h2>
*** Using Compiler 'V5.06 update 7 (build 960)', folder: 'D:\Keil\ARM\ARMCC\Bin'
Build target 'Lab2'
compiling stm32f1xx_hal_msp.c...
compiling stm32f1xx_it.c...
compiling main.c...
../Core/Src/main.c(55): warning:  #1295-D: Deprecated declaration State1 - give arg types
  void State1();
../Core/Src/main.c(56): warning:  #1295-D: Deprecated declaration State2 - give arg types
  void State2();
../Core/Src/main.c(57): warning:  #1295-D: Deprecated declaration State3 - give arg types
  void State3();
../Core/Src/main.c(58): warning:  #1295-D: Deprecated declaration State4 - give arg types
  void State4();
../Core/Src/main.c(59): warning:  #1295-D: Deprecated declaration State5 - give arg types
  void State5();
../Core/Src/main.c(60): warning:  #1295-D: Deprecated declaration State6 - give arg types
  void State6();
../Core/Src/main.c(61): warning:  #1295-D: Deprecated declaration State7 - give arg types
  void State7();
../Core/Src/main.c(62): warning:  #1295-D: Deprecated declaration State8 - give arg types
  void State8();
../Core/Src/main.c(63): warning:  #1295-D: Deprecated declaration State9 - give arg types
  void State9();
../Core/Src/main.c(64): warning:  #1295-D: Deprecated declaration State10 - give arg types
  void State10();
../Core/Src/main.c(65): warning:  #1295-D: Deprecated declaration State11 - give arg types
  void State11();
../Core/Src/main.c: 11 warnings, 0 errors
linking...
Program Size: Code=3912 RO-data=284 RW-data=52 ZI-data=1636  
FromELF: creating hex file...
"Lab2\Lab2.axf" - 0 Error(s), 11 Warning(s).

<h2>Software Packages used:</h2>

Package Vendor: ARM
                http://www.keil.com/pack/ARM.CMSIS.5.8.0.pack
                ARM.CMSIS.5.8.0
                CMSIS (Common Microcontroller Software Interface Standard)
   * Component: CORE Version: 5.5.0

Package Vendor: Keil
                http://www.keil.com/pack/Keil.STM32F1xx_DFP.2.4.0.pack
                Keil.STM32F1xx_DFP.2.4.0
                STMicroelectronics STM32F1 Series Device Support, Drivers and Examples

<h2>Collection of Component include folders:</h2>
  .\RTE\_Lab2
  C:\Users\Asus\AppData\Local\Arm\Packs\ARM\CMSIS\5.8.0\CMSIS\Core\Include
  C:\Users\Asus\AppData\Local\Arm\Packs\Keil\STM32F1xx_DFP\2.4.0\Device\Include

<h2>Collection of Component Files used:</h2>

   * Component: ARM::CMSIS:CORE:5.5.0
      Include file:  CMSIS\Core\Include\tz_context.h
Build Time Elapsed:  00:00:01
</pre>
</body>
</html>
